test_basis_and_action_widths_are_not_squeezed_below_source_contract (test_payroll_layout_r6.LayoutR6.test_basis_and_action_widths_are_not_squeezed_below_source_contract) ... ok
test_body_scroll_owner_and_ordinary_branch_are_explicit (test_payroll_layout_r6.LayoutR6.test_body_scroll_owner_and_ordinary_branch_are_explicit) ... ok
test_current_approved_contract_is_not_claimed_changed (test_payroll_layout_r6.LayoutR6.test_current_approved_contract_is_not_claimed_changed) ... ok
test_current_r5_readback_identity_is_explicit (test_payroll_layout_r6.LayoutR6.test_current_r5_readback_identity_is_explicit) ... ok
test_declared_reflow_widths_have_explicit_modes (test_payroll_layout_r6.LayoutR6.test_declared_reflow_widths_have_explicit_modes) ... ok
test_exact_nine_properties_and_no_controls_or_structure_change (test_payroll_layout_r6.LayoutR6.test_exact_nine_properties_and_no_controls_or_structure_change) ... ok
test_external_frame_ratio_and_child_order_unchanged (test_payroll_layout_r6.LayoutR6.test_external_frame_ratio_and_child_order_unchanged) ... ok
test_height_boundary_exactly_keeps_fixed_mode (test_payroll_layout_r6.LayoutR6.test_height_boundary_exactly_keeps_fixed_mode) ... ok
test_intrinsic_height_references_every_visible_immediate_child_once (test_payroll_layout_r6.LayoutR6.test_intrinsic_height_references_every_visible_immediate_child_once) ... ok
test_minimum_width_is_derived_from_target_controls (test_payroll_layout_r6.LayoutR6.test_minimum_width_is_derived_from_target_controls) ... ok
test_mode_uses_only_stable_root_size_and_fixed_source_dimensions (test_payroll_layout_r6.LayoutR6.test_mode_uses_only_stable_root_size_and_fixed_source_dimensions) ... ok
test_no_explicit_body_height_cycle_or_business_formula_edits (test_payroll_layout_r6.LayoutR6.test_no_explicit_body_height_cycle_or_business_formula_edits) ... ok
test_normal_required_viewports_keep_fixed_layout (test_payroll_layout_r6.LayoutR6.test_normal_required_viewports_keep_fixed_layout) ... ok
test_paste_screen_and_standalone_formulas_match (test_payroll_layout_r6.LayoutR6.test_paste_screen_and_standalone_formulas_match) ... ok
test_readable_height_constant_is_guarded_existing_row_maximum (test_payroll_layout_r6.LayoutR6.test_readable_height_constant_is_guarded_existing_row_maximum) ... ok
test_real_200_observed_geometry_enters_proposed_root_pan (test_payroll_layout_r6.LayoutR6.test_real_200_observed_geometry_enters_proposed_root_pan) ... ok
test_scrollbar_width_does_not_enter_mode_or_require_fixed_padding (test_payroll_layout_r6.LayoutR6.test_scrollbar_width_does_not_enter_mode_or_require_fixed_padding) ... ok
test_shrink_and_restore_have_zero_normal_root_scroll_range_in_model (test_payroll_layout_r6.LayoutR6.test_shrink_and_restore_have_zero_normal_root_scroll_range_in_model) ... ok
test_visible_count_and_gaps_all_eight_state_combinations (test_payroll_layout_r6.LayoutR6.test_visible_count_and_gaps_all_eight_state_combinations) ... ok
test_width_boundary_is_deterministic_with_fractional_values (test_payroll_layout_r6.LayoutR6.test_width_boundary_is_deterministic_with_fractional_values) ... ok

----------------------------------------------------------------------
Ran 20 tests in 1.135s

OK
