test_rejects_missing_published_source_coverage (test_current_app_postpublish.PostpublishGateTest.test_rejects_missing_published_source_coverage) ... ok
test_rejects_missing_updated_integration_specification (test_current_app_postpublish.PostpublishGateTest.test_rejects_missing_updated_integration_specification) ... ok
test_rejects_new_draft_in_both_snapshots (test_current_app_postpublish.PostpublishGateTest.test_rejects_new_draft_in_both_snapshots) ... ok
test_rejects_saved_version_newer_than_published_version (test_current_app_postpublish.PostpublishGateTest.test_rejects_saved_version_newer_than_published_version) ... ok
test_rejects_unrecorded_app_source_change_after_publication (test_current_app_postpublish.PostpublishGateTest.test_rejects_unrecorded_app_source_change_after_publication) ... ok
test_rejects_v131_source_change_after_publication (test_current_app_postpublish.PostpublishGateTest.test_rejects_v131_source_change_after_publication) ... ok
test_rejects_wrong_readback_even_with_ready_metadata (test_current_app_postpublish.PostpublishGateTest.test_rejects_wrong_readback_even_with_ready_metadata) ... ok
test_verified_release_and_documents (test_current_app_postpublish.PostpublishGateTest.test_verified_release_and_documents) ... ok
test_all_eight_basis_labels_share_amount_validity_guard (test_pay_implement_001.WaveOneTests.test_all_eight_basis_labels_share_amount_validity_guard) ... ok
test_fails_closed_on_changed_formula (test_pay_implement_001.WaveOneTests.test_fails_closed_on_changed_formula) ... ok
test_fails_closed_on_unrelated_payroll_change (test_pay_implement_001.WaveOneTests.test_fails_closed_on_unrelated_payroll_change) ... ok
test_full_readback_rejects_unexpected_file_and_untouched_app_drift (test_pay_implement_001.WaveOneTests.test_full_readback_rejects_unexpected_file_and_untouched_app_drift) ... ok
test_history_validates_remembered_key_in_current_category (test_pay_implement_001.WaveOneTests.test_history_validates_remembered_key_in_current_category) ... ok
test_new_property_guard_rejects_explicit_or_changed_previous_value (test_pay_implement_001.WaveOneTests.test_new_property_guard_rejects_explicit_or_changed_previous_value) ... ok
test_no_new_backend_mutation_or_business_formula (test_pay_implement_001.WaveOneTests.test_no_new_backend_mutation_or_business_formula) ... ok
test_paste_and_pa_children_are_equal (test_pay_implement_001.WaveOneTests.test_paste_and_pa_children_are_equal) ... ok
test_payroll_summary_remains_sibling_with_proposed_narrow_exception (test_pay_implement_001.WaveOneTests.test_payroll_summary_remains_sibling_with_proposed_narrow_exception) ... ok
test_preserves_all_control_properties_except_manifest (test_pay_implement_001.WaveOneTests.test_preserves_all_control_properties_except_manifest) ... ok
test_preserves_existing_report_destination (test_pay_implement_001.WaveOneTests.test_preserves_existing_report_destination) ... ok
test_rejects_duplicate_control_names (test_pay_implement_001.WaveOneTests.test_rejects_duplicate_control_names) ... ok
test_return_refetch_uses_committed_query_and_clamps_page (test_pay_implement_001.WaveOneTests.test_return_refetch_uses_committed_query_and_clamps_page) ... ok
test_search_captures_committed_controls_before_filter (test_pay_implement_001.WaveOneTests.test_search_captures_committed_controls_before_filter) ... ok
test_staff_fetch_failure_clears_inline_without_queued_select (test_pay_implement_001.WaveOneTests.test_staff_fetch_failure_clears_inline_without_queued_select) ... ok
test_actual_child_height_change_flows_through (test_payroll_layout_r5.LayoutR5.test_actual_child_height_change_flows_through) ... ok
test_child_width_750_boundary (test_payroll_layout_r5.LayoutR5.test_child_width_750_boundary) ... ok
test_collapsed_remains_zero (test_payroll_layout_r5.LayoutR5.test_collapsed_remains_zero) ... ok
test_gap_padding_changes_do_not_reintroduce_clipping (test_payroll_layout_r5.LayoutR5.test_gap_padding_changes_do_not_reintroduce_clipping) ... ok
test_height_is_sum_of_each_actual_child_and_ten_gaps (test_payroll_layout_r5.LayoutR5.test_height_is_sum_of_each_actual_child_and_ten_gaps) ... ok
test_manifest_and_standalone_formula_match (test_payroll_layout_r5.LayoutR5.test_manifest_and_standalone_formula_match) ... ok
test_nested_width_threshold_boundaries (test_payroll_layout_r5.LayoutR5.test_nested_width_threshold_boundaries) ... ok
test_new_e2e_never_programmatically_scrolls_hidden_ancestors (test_payroll_layout_r5.LayoutR5.test_new_e2e_never_programmatically_scrolls_hidden_ancestors) ... ok
test_no_height_dependency_cycle (test_payroll_layout_r5.LayoutR5.test_no_height_dependency_cycle) ... ok
test_observed_wide_and_narrow_intrinsic_heights (test_payroll_layout_r5.LayoutR5.test_observed_wide_and_narrow_intrinsic_heights) ... ok
test_paste_and_screen_are_semantically_identical (test_payroll_layout_r5.LayoutR5.test_paste_and_screen_are_semantically_identical) ... ok
test_r5_deduction_and_summary_structure_survive_r6_proposal (test_payroll_layout_r5.LayoutR5.test_r5_deduction_and_summary_structure_survive_r6_proposal) ... ok
test_reproduces_both_old_failure_modes (test_payroll_layout_r5.LayoutR5.test_reproduces_both_old_failure_modes) ... ok
test_scrollbar_width_is_not_baked_into_height (test_payroll_layout_r5.LayoutR5.test_scrollbar_width_is_not_baked_into_height) ... ok
test_viewports_and_effective_double_zoom_widths (test_payroll_layout_r5.LayoutR5.test_viewports_and_effective_double_zoom_widths) ... ok
test_basis_and_action_widths_are_not_squeezed_below_source_contract (test_payroll_layout_r6.LayoutR6.test_basis_and_action_widths_are_not_squeezed_below_source_contract) ... ok
test_body_scroll_owner_and_ordinary_branch_are_explicit (test_payroll_layout_r6.LayoutR6.test_body_scroll_owner_and_ordinary_branch_are_explicit) ... ok
test_current_approved_contract_is_not_claimed_changed (test_payroll_layout_r6.LayoutR6.test_current_approved_contract_is_not_claimed_changed) ... ok
test_current_r5_readback_identity_is_explicit (test_payroll_layout_r6.LayoutR6.test_current_r5_readback_identity_is_explicit) ... ok
test_declared_reflow_widths_have_explicit_modes (test_payroll_layout_r6.LayoutR6.test_declared_reflow_widths_have_explicit_modes) ... ok
test_exact_nine_properties_and_no_controls_or_structure_change (test_payroll_layout_r6.LayoutR6.test_exact_nine_properties_and_no_controls_or_structure_change) ... ok
test_external_frame_ratio_and_child_order_unchanged (test_payroll_layout_r6.LayoutR6.test_external_frame_ratio_and_child_order_unchanged) ... ok
test_height_boundary_exactly_keeps_fixed_mode (test_payroll_layout_r6.LayoutR6.test_height_boundary_exactly_keeps_fixed_mode) ... ok
test_intrinsic_height_references_every_visible_immediate_child_once (test_payroll_layout_r6.LayoutR6.test_intrinsic_height_references_every_visible_immediate_child_once) ... ok
test_minimum_width_is_derived_from_target_controls (test_payroll_layout_r6.LayoutR6.test_minimum_width_is_derived_from_target_controls) ... ok
test_mode_uses_only_stable_root_size_and_fixed_source_dimensions (test_payroll_layout_r6.LayoutR6.test_mode_uses_only_stable_root_size_and_fixed_source_dimensions) ... ok
test_no_explicit_body_height_cycle_or_business_formula_edits (test_payroll_layout_r6.LayoutR6.test_no_explicit_body_height_cycle_or_business_formula_edits) ... ok
test_normal_required_viewports_keep_fixed_layout (test_payroll_layout_r6.LayoutR6.test_normal_required_viewports_keep_fixed_layout) ... ok
test_paste_screen_and_standalone_formulas_match (test_payroll_layout_r6.LayoutR6.test_paste_screen_and_standalone_formulas_match) ... ok
test_readable_height_constant_is_guarded_existing_row_maximum (test_payroll_layout_r6.LayoutR6.test_readable_height_constant_is_guarded_existing_row_maximum) ... ok
test_real_200_observed_geometry_enters_proposed_root_pan (test_payroll_layout_r6.LayoutR6.test_real_200_observed_geometry_enters_proposed_root_pan) ... ok
test_scrollbar_width_does_not_enter_mode_or_require_fixed_padding (test_payroll_layout_r6.LayoutR6.test_scrollbar_width_does_not_enter_mode_or_require_fixed_padding) ... ok
test_shrink_and_restore_have_zero_normal_root_scroll_range_in_model (test_payroll_layout_r6.LayoutR6.test_shrink_and_restore_have_zero_normal_root_scroll_range_in_model) ... ok
test_visible_count_and_gaps_all_eight_state_combinations (test_payroll_layout_r6.LayoutR6.test_visible_count_and_gaps_all_eight_state_combinations) ... ok
test_width_boundary_is_deterministic_with_fractional_values (test_payroll_layout_r6.LayoutR6.test_width_boundary_is_deterministic_with_fractional_values) ... ok
test_all_source_columns_and_names (test_scr002_history_schema.SchemaContract.test_all_source_columns_and_names) ... ok
test_types_and_parent_relationships (test_scr002_history_schema.SchemaContract.test_types_and_parent_relationships) ... ok
test_concurrency_uses_async_response (test_scr003_flow.FlowSourceTest.test_concurrency_uses_async_response) ... ok
test_every_run_after_is_sibling (test_scr003_flow.FlowSourceTest.test_every_run_after_is_sibling) ... ok
test_lexical_validation_before_normalization (test_scr003_flow.FlowSourceTest.test_lexical_validation_before_normalization) ... ok
test_no_destructive_line_deletion (test_scr003_flow.FlowSourceTest.test_no_destructive_line_deletion) ... ok
test_oversized_excel_not_silently_truncated (test_scr003_flow.FlowSourceTest.test_oversized_excel_not_silently_truncated) ... ok
test_reject_invalid_range_type_month_and_identifier (test_scr003_flow.FlowSourceTest.test_reject_invalid_range_type_month_and_identifier) ... ok
test_response_even_when_cleanup_fails (test_scr003_flow.FlowSourceTest.test_response_even_when_cleanup_fails) ... ok
test_saved_definition_matches_generator (test_scr003_flow.FlowSourceTest.test_saved_definition_matches_generator) ... ok
test_single_serialization_boundary (test_scr003_flow.FlowSourceTest.test_single_serialization_boundary) ... ok
test_valid_zero_decimal_null (test_scr003_flow.FlowSourceTest.test_valid_zero_decimal_null) ... ok
test_additional_changed_file_must_be_covered (test_test_selection.TestSelectionGate.test_additional_changed_file_must_be_covered) ... ok
test_archived_sources_do_not_require_current_app_tests (test_test_selection.TestSelectionGate.test_archived_sources_do_not_require_current_app_tests) ... ok
test_changed_test_file_is_not_hidden_by_another_selected_case (test_test_selection.TestSelectionGate.test_changed_test_file_is_not_hidden_by_another_selected_case) ... ok
test_comment_only_case_id_does_not_count (test_test_selection.TestSelectionGate.test_comment_only_case_id_does_not_count) ... ok
test_deleted_test_file_cannot_silently_pass (test_test_selection.TestSelectionGate.test_deleted_test_file_cannot_silently_pass) ... ok
test_integration_is_required_when_impact_is_declared (test_test_selection.TestSelectionGate.test_integration_is_required_when_impact_is_declared) ... ok
test_missing_record_does_not_mark_app_change_as_tested (test_test_selection.TestSelectionGate.test_missing_record_does_not_mark_app_change_as_tested) ... ok
test_missing_request_fails_closed (test_test_selection.TestSelectionGate.test_missing_request_fails_closed) ... ok
test_postpublish_selects_recorded_cases (test_test_selection.TestSelectionGate.test_postpublish_selects_recorded_cases) ... ok
test_test_code_change_runs_its_own_cases (test_test_selection.TestSelectionGate.test_test_code_change_runs_its_own_cases) ... ok
test_unit_test_cannot_be_omitted (test_test_selection.TestSelectionGate.test_unit_test_cannot_be_omitted) ... ok
test_v131_source_is_selected_for_postpublication (test_test_selection.TestSelectionGate.test_v131_source_is_selected_for_postpublication) ... ok
test_v131_source_without_selection_fails_closed (test_test_selection.TestSelectionGate.test_v131_source_without_selection_fails_closed) ... ok
test_valid_selection_runs_only_its_named_cases (test_test_selection.TestSelectionGate.test_valid_selection_runs_only_its_named_cases) ... ok
test_wrong_app_id_fails_before_live_execution (test_test_selection.TestSelectionGate.test_wrong_app_id_fails_before_live_execution) ... ok

----------------------------------------------------------------------
Ran 85 tests in 3.501s

OK
